Java HotSpot(TM) 64-Bit Server VM (25.271-b09) for windows-amd64 JRE (1.8.0_271-b09), built on Sep 16 2020 19:14:59 by "" with MS VC++ 15.9 (VS2017)
Memory: 4k page, physical 50032504k(20855044k free), swap 63539488k(10215500k free)
CommandLine flags: -XX:-BytecodeVerificationLocal -XX:-BytecodeVerificationRemote -XX:+HeapDumpOnOutOfMemoryError -XX:HeapDumpPath=./heapdump.hprof -XX:InitialHeapSize=1073741824 -XX:+ManagementServer -XX:MaxHeapSize=1073741824 -XX:+PrintGC -XX:+PrintGCDateStamps -XX:+PrintGCDetails -XX:+PrintGCTimeStamps -XX:TieredStopAtLevel=1 -XX:+UseCompressedClassPointers -XX:+UseCompressedOops -XX:-UseLargePagesIndividualAllocation -XX:+UseParallelGC 
2025-08-31T23:04:06.643+0800: 1.026: [GC (Metadata GC Threshold) [PSYoungGen: 167796K->15768K(305664K)] 167796K->15792K(1005056K), 0.0096026 secs] [Times: user=0.00 sys=0.00, real=0.01 secs] 
2025-08-31T23:04:06.653+0800: 1.036: [Full GC (Metadata GC Threshold) [PSYoungGen: 15768K->0K(305664K)] [ParOldGen: 24K->14860K(699392K)] 15792K->14860K(1005056K), [Metaspace: 20529K->20529K(1067008K)], 0.0170913 secs] [Times: user=0.19 sys=0.08, real=0.02 secs] 
2025-08-31T23:04:08.853+0800: 3.236: [GC (Metadata GC Threshold) [PSYoungGen: 251125K->20302K(305664K)] 265985K->35171K(1005056K), 0.0103094 secs] [Times: user=0.01 sys=0.13, real=0.01 secs] 
2025-08-31T23:04:08.863+0800: 3.246: [Full GC (Metadata GC Threshold) [PSYoungGen: 20302K->0K(305664K)] [ParOldGen: 14868K->24673K(699392K)] 35171K->24673K(1005056K), [Metaspace: 33583K->33583K(1079296K)], 0.0247164 secs] [Times: user=0.00 sys=0.02, real=0.03 secs] 
2025-08-31T23:04:10.638+0800: 5.021: [GC (Allocation Failure) [PSYoungGen: 262144K->18664K(305664K)] 286817K->43417K(1005056K), 0.0090527 secs] [Times: user=0.00 sys=0.00, real=0.01 secs] 
2025-08-31T23:04:15.761+0800: 10.144: [GC (Allocation Failure) [PSYoungGen: 280808K->43507K(305664K)] 305561K->150028K(1005056K), 0.0445491 secs] [Times: user=0.48 sys=0.20, real=0.04 secs] 
2025-08-31T23:04:16.909+0800: 11.293: [GC (Allocation Failure) [PSYoungGen: 305651K->43489K(305664K)] 412172K->159489K(1005056K), 0.0201129 secs] [Times: user=0.17 sys=0.09, real=0.02 secs] 
2025-08-31T23:04:19.076+0800: 13.459: [GC (Allocation Failure) [PSYoungGen: 305633K->43505K(207360K)] 421633K->159713K(906752K), 0.0327647 secs] [Times: user=0.09 sys=0.02, real=0.03 secs] 
2025-08-31T23:04:21.451+0800: 15.835: [GC (Allocation Failure) [PSYoungGen: 207345K->43601K(256512K)] 323553K->159817K(955904K), 0.0277292 secs] [Times: user=0.11 sys=0.02, real=0.03 secs] 
2025-08-31T23:04:23.817+0800: 18.200: [GC (Allocation Failure) [PSYoungGen: 207441K->43601K(266752K)] 323657K->159825K(966144K), 0.0303173 secs] [Times: user=0.17 sys=0.02, real=0.03 secs] 
2025-08-31T23:04:26.583+0800: 20.966: [GC (Allocation Failure) [PSYoungGen: 223825K->43601K(262656K)] 340049K->159825K(962048K), 0.0276260 secs] [Times: user=0.09 sys=0.05, real=0.03 secs] 
2025-08-31T23:04:29.224+0800: 23.607: [GC (Allocation Failure) [PSYoungGen: 223825K->43818K(273408K)] 340049K->160051K(972800K), 0.0279998 secs] [Times: user=0.14 sys=0.03, real=0.03 secs] 
2025-08-31T23:04:32.019+0800: 26.402: [GC (Allocation Failure) [PSYoungGen: 238890K->43617K(270848K)] 355123K->159857K(970240K), 0.0345123 secs] [Times: user=0.14 sys=0.00, real=0.03 secs] 
2025-08-31T23:04:35.034+0800: 29.417: [GC (Allocation Failure) [PSYoungGen: 238689K->43569K(279040K)] 354929K->159817K(978432K), 0.1002180 secs] [Times: user=0.14 sys=0.03, real=0.10 secs] 
2025-08-31T23:04:38.898+0800: 33.281: [GC (Allocation Failure) [PSYoungGen: 249905K->15769K(276480K)] 366153K->159928K(975872K), 0.0337873 secs] [Times: user=0.09 sys=0.02, real=0.04 secs] 
2025-08-31T23:04:41.952+0800: 36.335: [GC (Allocation Failure) [PSYoungGen: 222105K->160K(268288K)] 366264K->160129K(967680K), 0.0256021 secs] [Times: user=0.08 sys=0.00, real=0.03 secs] 
2025-08-31T23:04:44.778+0800: 39.161: [GC (Allocation Failure) [PSYoungGen: 195744K->288K(196096K)] 355713K->160297K(895488K), 0.0041187 secs] [Times: user=0.08 sys=0.00, real=0.00 secs] 
2025-08-31T23:04:47.692+0800: 42.076: [GC (Allocation Failure) [PSYoungGen: 195872K->320K(267776K)] 355881K->160329K(967168K), 0.0048424 secs] [Times: user=0.00 sys=0.00, real=0.01 secs] 
2025-08-31T23:04:50.452+0800: 44.835: [GC (Allocation Failure) [PSYoungGen: 188736K->224K(188928K)] 348745K->160233K(888320K), 0.0054885 secs] [Times: user=0.00 sys=0.00, real=0.01 secs] 
2025-08-31T23:04:53.117+0800: 47.501: [GC (Allocation Failure) [PSYoungGen: 188640K->256K(269312K)] 348649K->160265K(968704K), 0.0043228 secs] [Times: user=0.00 sys=0.01, real=0.00 secs] 
2025-08-31T23:04:55.019+0800: 49.403: [GC (Allocation Failure) [PSYoungGen: 188672K->320K(268288K)] 348681K->160329K(967680K), 0.0016684 secs] [Times: user=0.00 sys=0.00, real=0.00 secs] 
2025-08-31T23:04:56.342+0800: 50.725: [GC (Allocation Failure) [PSYoungGen: 188736K->256K(272384K)] 348745K->160265K(971776K), 0.0036461 secs] [Times: user=0.00 sys=0.00, real=0.00 secs] 
2025-08-31T23:04:57.797+0800: 52.181: [GC (Allocation Failure) [PSYoungGen: 193792K->384K(270336K)] 353801K->160393K(969728K), 0.0043091 secs] [Times: user=0.00 sys=0.00, real=0.01 secs] 
2025-08-31T23:04:59.149+0800: 53.532: [GC (Allocation Failure) [PSYoungGen: 193920K->288K(276992K)] 353929K->160297K(976384K), 0.0018944 secs] [Times: user=0.00 sys=0.00, real=0.00 secs] 
2025-08-31T23:05:00.448+0800: 54.831: [GC (Allocation Failure) [PSYoungGen: 202528K->384K(274432K)] 362537K->160393K(973824K), 0.0028930 secs] [Times: user=0.03 sys=0.00, real=0.00 secs] 
2025-08-31T23:05:01.844+0800: 56.227: [GC (Allocation Failure) [PSYoungGen: 202624K->288K(282624K)] 362633K->160329K(982016K), 0.0017387 secs] [Times: user=0.00 sys=0.00, real=0.00 secs] 
2025-08-31T23:05:03.489+0800: 57.873: [GC (Allocation Failure) [PSYoungGen: 213792K->320K(280064K)] 373833K->160393K(979456K), 0.0021916 secs] [Times: user=0.00 sys=0.00, real=0.00 secs] 
2025-08-31T23:05:04.943+0800: 59.325: [GC (Allocation Failure) [PSYoungGen: 213824K->320K(288768K)] 373897K->160401K(988160K), 0.0022036 secs] [Times: user=0.00 sys=0.00, real=0.00 secs] 
2025-08-31T23:05:06.389+0800: 60.772: [GC (Allocation Failure) [PSYoungGen: 225600K->320K(285696K)] 385681K->160401K(985088K), 0.0081981 secs] [Times: user=0.00 sys=0.00, real=0.01 secs] 
2025-08-31T23:05:07.905+0800: 62.288: [GC (Allocation Failure) [PSYoungGen: 225600K->384K(295424K)] 385681K->160497K(994816K), 0.0033750 secs] [Times: user=0.00 sys=0.00, real=0.00 secs] 
2025-08-31T23:05:09.697+0800: 64.080: [GC (Allocation Failure) [PSYoungGen: 238976K->320K(292352K)] 399089K->160449K(991744K), 0.0033403 secs] [Times: user=0.00 sys=0.00, real=0.00 secs] 
2025-08-31T23:05:11.379+0800: 65.763: [GC (Allocation Failure) [PSYoungGen: 238912K->320K(301056K)] 399041K->160449K(1000448K), 0.0023174 secs] [Times: user=0.00 sys=0.00, real=0.00 secs] 
2025-08-31T23:05:12.945+0800: 67.328: [GC (Allocation Failure) [PSYoungGen: 250688K->384K(298496K)] 410817K->160529K(997888K), 0.0026723 secs] [Times: user=0.00 sys=0.00, real=0.00 secs] 
2025-08-31T23:05:14.471+0800: 68.855: [GC (Allocation Failure) [PSYoungGen: 250752K->11776K(306176K)] 410897K->171929K(1005568K), 0.0049442 secs] [Times: user=0.00 sys=0.00, real=0.01 secs] 
2025-08-31T23:05:15.014+0800: 69.397: [GC (Allocation Failure) [PSYoungGen: 272896K->42976K(304128K)] 433049K->217337K(1003520K), 0.0197583 secs] [Times: user=0.22 sys=0.03, real=0.02 secs] 
2025-08-31T23:05:15.813+0800: 70.196: [GC (Allocation Failure) [PSYoungGen: 304096K->42457K(264192K)] 478457K->216826K(963584K), 0.0123116 secs] [Times: user=0.00 sys=0.00, real=0.01 secs] 
2025-08-31T23:05:17.275+0800: 71.658: [GC (Allocation Failure) [PSYoungGen: 261593K->42393K(261632K)] 435962K->216770K(961024K), 0.0103153 secs] [Times: user=0.11 sys=0.03, real=0.01 secs] 
2025-08-31T23:05:18.399+0800: 72.783: [GC (Allocation Failure) [PSYoungGen: 261529K->42457K(271872K)] 435906K->216842K(971264K), 0.0095049 secs] [Times: user=0.11 sys=0.02, real=0.01 secs] 
2025-08-31T23:05:19.581+0800: 73.964: [GC (Allocation Failure) [PSYoungGen: 244185K->42489K(244224K)] 418570K->216882K(943616K), 0.0066975 secs] [Times: user=0.00 sys=0.00, real=0.01 secs] 
2025-08-31T23:05:20.603+0800: 74.987: [GC (Allocation Failure) [PSYoungGen: 244217K->42521K(268288K)] 418610K->216914K(967680K), 0.0068903 secs] [Times: user=0.16 sys=0.00, real=0.01 secs] 
2025-08-31T23:05:21.839+0800: 76.222: [GC (Allocation Failure) [PSYoungGen: 234009K->42457K(233984K)] 408402K->216850K(933376K), 0.0060361 secs] [Times: user=0.16 sys=0.00, real=0.01 secs] 
2025-08-31T23:05:22.960+0800: 77.344: [GC (Allocation Failure) [PSYoungGen: 233945K->42425K(268288K)] 408338K->216818K(967680K), 0.0100216 secs] [Times: user=0.13 sys=0.03, real=0.01 secs] 
2025-08-31T23:05:23.989+0800: 78.372: [GC (Allocation Failure) [PSYoungGen: 230841K->42610K(231424K)] 405234K->217012K(930816K), 0.0094351 secs] [Times: user=0.20 sys=0.00, real=0.01 secs] 
2025-08-31T23:05:25.186+0800: 79.569: [GC (Allocation Failure) [PSYoungGen: 231026K->42489K(268800K)] 405428K->216898K(968192K), 0.0100352 secs] [Times: user=0.00 sys=0.00, real=0.01 secs] 
2025-08-31T23:05:26.237+0800: 80.619: [GC (Allocation Failure) [PSYoungGen: 230393K->42425K(268288K)] 404802K->216842K(967680K), 0.0076447 secs] [Times: user=0.00 sys=0.00, real=0.01 secs] 
2025-08-31T23:05:27.307+0800: 81.690: [GC (Allocation Failure) [PSYoungGen: 230329K->42457K(270336K)] 404746K->216922K(969728K), 0.0072162 secs] [Times: user=0.25 sys=0.02, real=0.01 secs] 
2025-08-31T23:05:28.344+0800: 82.727: [GC (Allocation Failure) [PSYoungGen: 232921K->42425K(269312K)] 407386K->216906K(968704K), 0.0091996 secs] [Times: user=0.00 sys=0.00, real=0.01 secs] 
2025-08-31T23:05:29.372+0800: 83.754: [GC (Allocation Failure) [PSYoungGen: 232889K->42425K(272384K)] 407370K->216914K(971776K), 0.0081603 secs] [Times: user=0.13 sys=0.02, real=0.01 secs] 
2025-08-31T23:05:30.479+0800: 84.862: [GC (Allocation Failure) [PSYoungGen: 236985K->42265K(271360K)] 411474K->216970K(970752K), 0.0067440 secs] [Times: user=0.08 sys=0.00, real=0.01 secs] 
2025-08-31T23:05:31.535+0800: 85.919: [GC (Allocation Failure) [PSYoungGen: 236825K->20210K(275456K)] 411530K->217228K(974848K), 0.0139954 secs] [Times: user=0.16 sys=0.00, real=0.01 secs] 
2025-08-31T23:05:32.751+0800: 87.133: [GC (Allocation Failure) [PSYoungGen: 220402K->416K(200704K)] 417420K->217588K(900096K), 0.0072562 secs] [Times: user=0.00 sys=0.00, real=0.01 secs] 
2025-08-31T23:05:34.033+0800: 88.416: [GC (Allocation Failure) [PSYoungGen: 200608K->352K(272384K)] 417780K->217524K(971776K), 0.0024427 secs] [Times: user=0.00 sys=0.00, real=0.00 secs] 
2025-08-31T23:05:35.094+0800: 89.477: [GC (Allocation Failure) [PSYoungGen: 196960K->256K(272896K)] 414132K->217428K(972288K), 0.0018825 secs] [Times: user=0.00 sys=0.00, real=0.00 secs] 
2025-08-31T23:05:36.069+0800: 90.453: [GC (Allocation Failure) [PSYoungGen: 196864K->224K(273920K)] 414036K->217420K(973312K), 0.0016212 secs] [Times: user=0.00 sys=0.00, real=0.00 secs] 
2025-08-31T23:05:37.119+0800: 91.503: [GC (Allocation Failure) [PSYoungGen: 197856K->352K(272896K)] 415052K->217548K(972288K), 0.0070248 secs] [Times: user=0.00 sys=0.00, real=0.01 secs] 
2025-08-31T23:05:38.178+0800: 92.561: [GC (Allocation Failure) [PSYoungGen: 197984K->192K(277504K)] 415180K->217396K(976896K), 0.0047228 secs] [Times: user=0.00 sys=0.00, real=0.01 secs] 
2025-08-31T23:05:39.384+0800: 93.767: [GC (Allocation Failure) [PSYoungGen: 203968K->352K(275456K)] 421172K->217564K(974848K), 0.0032814 secs] [Times: user=0.00 sys=0.00, real=0.00 secs] 
2025-08-31T23:05:40.872+0800: 95.256: [GC (Allocation Failure) [PSYoungGen: 204128K->192K(282112K)] 421340K->217404K(981504K), 0.0021456 secs] [Times: user=0.00 sys=0.00, real=0.00 secs] 
2025-08-31T23:05:42.236+0800: 96.619: [GC (Allocation Failure) [PSYoungGen: 212672K->320K(279552K)] 429884K->217532K(978944K), 0.0015988 secs] [Times: user=0.00 sys=0.00, real=0.00 secs] 
2025-08-31T23:05:43.247+0800: 97.631: [GC (Allocation Failure) [PSYoungGen: 212800K->224K(287744K)] 430012K->217436K(987136K), 0.0036865 secs] [Times: user=0.00 sys=0.00, real=0.00 secs] 
2025-08-31T23:05:44.243+0800: 98.626: [GC (Allocation Failure) [PSYoungGen: 223968K->320K(285184K)] 441180K->217540K(984576K), 0.0020208 secs] [Times: user=0.00 sys=0.00, real=0.00 secs] 
2025-08-31T23:05:45.247+0800: 99.630: [GC (Allocation Failure) [PSYoungGen: 224064K->256K(293888K)] 441284K->217476K(993280K), 0.0018997 secs] [Times: user=0.00 sys=0.00, real=0.00 secs] 
2025-08-31T23:05:47.565+0800: 101.948: [GC (Allocation Failure) [PSYoungGen: 235776K->160K(290816K)] 452996K->217388K(990208K), 0.0057305 secs] [Times: user=0.00 sys=0.00, real=0.01 secs] 
2025-08-31T23:05:50.856+0800: 105.239: [GC (Allocation Failure) [PSYoungGen: 235680K->224K(299520K)] 452908K->217452K(998912K), 0.0065833 secs] [Times: user=0.02 sys=0.00, real=0.01 secs] 
2025-08-31T23:05:54.229+0800: 108.612: [GC (Allocation Failure) [PSYoungGen: 247008K->1376K(296448K)] 464236K->218612K(995840K), 0.0057468 secs] [Times: user=0.08 sys=0.02, real=0.01 secs] 
2025-08-31T23:05:57.200+0800: 111.583: [GC (Allocation Failure) [PSYoungGen: 248160K->31961K(292352K)] 465396K->249205K(991744K), 0.0410013 secs] [Times: user=0.19 sys=0.05, real=0.04 secs] 
2025-08-31T23:06:00.300+0800: 114.684: [GC (Allocation Failure) [PSYoungGen: 277721K->51701K(297472K)] 494965K->279010K(996864K), 0.0900318 secs] [Times: user=0.28 sys=0.03, real=0.09 secs] 
2025-08-31T23:06:03.119+0800: 117.503: [GC (Allocation Failure) [PSYoungGen: 297461K->51685K(227840K)] 524770K->309193K(927232K), 0.0903030 secs] [Times: user=0.55 sys=0.11, real=0.09 secs] 
2025-08-31T23:06:05.038+0800: 119.422: [GC (Allocation Failure) [PSYoungGen: 227813K->86506K(262656K)] 485321K->384078K(962048K), 0.1393381 secs] [Times: user=0.61 sys=0.06, real=0.14 secs] 
2025-08-31T23:06:06.152+0800: 120.535: [GC (Allocation Failure) [PSYoungGen: 262634K->86508K(203264K)] 560206K->439601K(902656K), 0.1379435 secs] [Times: user=0.91 sys=0.06, real=0.14 secs] 
2025-08-31T23:06:08.784+0800: 123.167: [GC (Allocation Failure) [PSYoungGen: 203244K->65673K(232960K)] 556337K->418766K(932352K), 0.0365020 secs] [Times: user=0.17 sys=0.03, real=0.04 secs] 
2025-08-31T23:06:09.404+0800: 123.787: [GC (Allocation Failure) [PSYoungGen: 182409K->116197K(232960K)] 535502K->485681K(932352K), 0.0965417 secs] [Times: user=0.53 sys=0.05, real=0.10 secs] 
2025-08-31T23:06:09.972+0800: 124.354: [GC (Allocation Failure) [PSYoungGen: 232933K->47657K(232960K)] 602417K->417158K(932352K), 0.0136029 secs] [Times: user=0.25 sys=0.02, real=0.01 secs] 
2025-08-31T23:06:10.068+0800: 124.452: [GC (Allocation Failure) [PSYoungGen: 164393K->114789K(232960K)] 533894K->484377K(932352K), 0.0280189 secs] [Times: user=0.48 sys=0.00, real=0.03 secs] 
2025-08-31T23:06:10.407+0800: 124.790: [GC (Allocation Failure) [PSYoungGen: 231525K->65961K(232960K)] 601113K->439350K(932352K), 0.0187237 secs] [Times: user=0.27 sys=0.00, real=0.02 secs] 
2025-08-31T23:06:11.187+0800: 125.570: [GC (Allocation Failure) [PSYoungGen: 182697K->60509K(232960K)] 556086K->445841K(932352K), 0.0176085 secs] [Times: user=0.20 sys=0.02, real=0.02 secs] 
2025-08-31T23:06:12.058+0800: 126.442: [GC (Allocation Failure) [PSYoungGen: 177245K->41117K(232960K)] 562577K->446073K(932352K), 0.0137612 secs] [Times: user=0.27 sys=0.00, real=0.01 secs] 
2025-08-31T23:06:12.831+0800: 127.214: [GC (Allocation Failure) [PSYoungGen: 157853K->17725K(232960K)] 562809K->446177K(932352K), 0.0107475 secs] [Times: user=0.19 sys=0.03, real=0.01 secs] 
2025-08-31T23:06:13.906+0800: 128.289: [GC (Allocation Failure) [PSYoungGen: 134461K->352K(232960K)] 562913K->446361K(932352K), 0.0065472 secs] [Times: user=0.00 sys=0.00, real=0.01 secs] 
2025-08-31T23:06:14.647+0800: 129.030: [GC (Allocation Failure) [PSYoungGen: 117088K->160K(232960K)] 563097K->446169K(932352K), 0.0031847 secs] [Times: user=0.00 sys=0.00, real=0.00 secs] 
2025-08-31T23:06:15.478+0800: 129.861: [GC (Allocation Failure) [PSYoungGen: 116896K->352K(232960K)] 562905K->446377K(932352K), 0.0018431 secs] [Times: user=0.00 sys=0.00, real=0.00 secs] 
2025-08-31T23:06:16.207+0800: 130.590: [GC (Allocation Failure) [PSYoungGen: 117088K->224K(232960K)] 563113K->446281K(932352K), 0.0030712 secs] [Times: user=0.00 sys=0.00, real=0.00 secs] 
2025-08-31T23:06:17.019+0800: 131.403: [GC (Allocation Failure) [PSYoungGen: 116960K->192K(232960K)] 563017K->446265K(932352K), 0.0022307 secs] [Times: user=0.00 sys=0.00, real=0.00 secs] 
2025-08-31T23:06:17.729+0800: 132.112: [GC (Allocation Failure) [PSYoungGen: 116928K->192K(232960K)] 563001K->446281K(932352K), 0.0027477 secs] [Times: user=0.13 sys=0.02, real=0.00 secs] 
2025-08-31T23:06:18.340+0800: 132.725: [GC (Allocation Failure) [PSYoungGen: 116928K->192K(232960K)] 563017K->446313K(932352K), 0.0019023 secs] [Times: user=0.00 sys=0.00, real=0.00 secs] 
2025-08-31T23:06:18.905+0800: 133.288: [GC (Allocation Failure) [PSYoungGen: 116928K->160K(232960K)] 563049K->446281K(932352K), 0.0026497 secs] [Times: user=0.00 sys=0.00, real=0.00 secs] 
2025-08-31T23:06:19.557+0800: 133.941: [GC (Allocation Failure) [PSYoungGen: 116896K->96K(232960K)] 563017K->446241K(932352K), 0.0115831 secs] [Times: user=0.02 sys=0.00, real=0.01 secs] 
2025-08-31T23:06:21.406+0800: 135.788: [GC (Allocation Failure) [PSYoungGen: 116832K->224K(241664K)] 562977K->446377K(941056K), 0.0053592 secs] [Times: user=0.00 sys=0.00, real=0.01 secs] 
2025-08-31T23:06:23.392+0800: 137.774: [GC (Allocation Failure) [PSYoungGen: 128736K->160K(236032K)] 574889K->446313K(935424K), 0.0056049 secs] [Times: user=0.00 sys=0.00, real=0.01 secs] 
2025-08-31T23:06:25.469+0800: 139.852: [GC (Allocation Failure) [PSYoungGen: 128672K->224K(252928K)] 574825K->446377K(952320K), 0.0049052 secs] [Times: user=0.00 sys=0.00, real=0.00 secs] 
2025-08-31T23:06:27.853+0800: 142.237: [GC (Allocation Failure) [PSYoungGen: 151264K->224K(247296K)] 597417K->446377K(946688K), 0.0060618 secs] [Times: user=0.00 sys=0.00, real=0.01 secs] 
2025-08-31T23:06:30.246+0800: 144.629: [GC (Allocation Failure) [PSYoungGen: 151264K->128K(263680K)] 597417K->446281K(963072K), 0.0052499 secs] [Times: user=0.06 sys=0.00, real=0.00 secs] 
2025-08-31T23:06:32.868+0800: 147.251: [GC (Allocation Failure) [PSYoungGen: 173184K->192K(258560K)] 619337K->446345K(957952K), 0.0040038 secs] [Times: user=0.00 sys=0.00, real=0.00 secs] 
2025-08-31T23:06:35.707+0800: 150.090: [GC (Allocation Failure) [PSYoungGen: 173248K->128K(273920K)] 619401K->446281K(973312K), 0.0054693 secs] [Times: user=0.00 sys=0.00, real=0.01 secs] 
2025-08-31T23:06:37.952+0800: 152.335: [GC (Allocation Failure) [PSYoungGen: 193664K->288K(268800K)] 639817K->446441K(968192K), 0.0024905 secs] [Times: user=0.00 sys=0.00, real=0.00 secs] 
2025-08-31T23:06:38.947+0800: 153.330: [GC (Allocation Failure) [PSYoungGen: 193824K->224K(283136K)] 639977K->446377K(982528K), 0.0045460 secs] [Times: user=0.08 sys=0.02, real=0.00 secs] 
2025-08-31T23:06:40.268+0800: 154.651: [GC (Allocation Failure) [PSYoungGen: 212704K->128K(278528K)] 658857K->446281K(977920K), 0.0017059 secs] [Times: user=0.00 sys=0.00, real=0.00 secs] 
2025-08-31T23:06:41.632+0800: 156.015: [GC (Allocation Failure) [PSYoungGen: 212608K->224K(291840K)] 658761K->446377K(991232K), 0.0024260 secs] [Times: user=0.00 sys=0.00, real=0.00 secs] 
2025-08-31T23:06:43.313+0800: 157.696: [GC (Allocation Failure) [PSYoungGen: 230624K->128K(287744K)] 676777K->446281K(987136K), 0.0024980 secs] [Times: user=0.00 sys=0.00, real=0.00 secs] 
2025-08-31T23:06:44.639+0800: 159.023: [GC (Allocation Failure) [PSYoungGen: 230528K->320K(299520K)] 676681K->446473K(998912K), 0.0022247 secs] [Times: user=0.00 sys=0.00, real=0.00 secs] 
2025-08-31T23:06:46.201+0800: 160.585: [GC (Allocation Failure) [PSYoungGen: 246080K->224K(295424K)] 692233K->446377K(994816K), 0.0020861 secs] [Times: user=0.00 sys=0.00, real=0.00 secs] 
2025-08-31T23:06:47.996+0800: 162.379: [GC (Allocation Failure) [PSYoungGen: 245984K->320K(306176K)] 692137K->446497K(1005568K), 0.0031594 secs] [Times: user=0.06 sys=0.08, real=0.00 secs] 
2025-08-31T23:06:49.598+0800: 163.981: [GC (Allocation Failure) [PSYoungGen: 259904K->256K(302592K)] 706081K->446441K(1001984K), 0.0017585 secs] [Times: user=0.00 sys=0.00, real=0.00 secs] 
2025-08-31T23:06:51.245+0800: 165.628: [GC (Allocation Failure) [PSYoungGen: 259840K->224K(312320K)] 706025K->446409K(1011712K), 0.0036210 secs] [Times: user=0.09 sys=0.00, real=0.00 secs] 
2025-08-31T23:06:53.174+0800: 167.557: [GC (Allocation Failure) [PSYoungGen: 272608K->256K(309248K)] 718793K->446441K(1008640K), 0.0019313 secs] [Times: user=0.00 sys=0.00, real=0.00 secs] 
2025-08-31T23:06:55.111+0800: 169.494: [GC (Allocation Failure) [PSYoungGen: 272640K->128K(317440K)] 718825K->446313K(1016832K), 0.0033963 secs] [Times: user=0.00 sys=0.00, real=0.00 secs] 
2025-08-31T23:06:56.858+0800: 171.241: [GC (Allocation Failure) [PSYoungGen: 283264K->224K(314880K)] 729449K->446409K(1014272K), 0.0019489 secs] [Times: user=0.00 sys=0.00, real=0.00 secs] 
2025-08-31T23:06:58.504+0800: 172.888: [GC (Allocation Failure) [PSYoungGen: 283360K->160K(322048K)] 729545K->446345K(1021440K), 0.0026730 secs] [Times: user=0.00 sys=0.00, real=0.00 secs] 
2025-08-31T23:07:00.655+0800: 175.038: [GC (Allocation Failure) [PSYoungGen: 293024K->224K(320000K)] 739209K->446409K(1019392K), 0.0037006 secs] [Times: user=0.00 sys=0.00, real=0.00 secs] 
2025-08-31T23:07:02.538+0800: 176.921: [GC (Allocation Failure) [PSYoungGen: 293088K->160K(326144K)] 739273K->446345K(1025536K), 0.0021289 secs] [Times: user=0.00 sys=0.00, real=0.00 secs] 
2025-08-31T23:07:03.979+0800: 178.363: [GC (Allocation Failure) [PSYoungGen: 301216K->288K(324096K)] 747401K->446473K(1023488K), 0.0030196 secs] [Times: user=0.03 sys=0.05, real=0.00 secs] 
2025-08-31T23:07:05.904+0800: 180.287: [GC (Allocation Failure) [PSYoungGen: 301344K->96K(329216K)] 747529K->446281K(1028608K), 0.0097968 secs] [Times: user=0.00 sys=0.00, real=0.01 secs] 
2025-08-31T23:07:10.767+0800: 185.150: [GC (Allocation Failure) [PSYoungGen: 307808K->192K(327680K)] 753993K->446393K(1027072K), 0.0060530 secs] [Times: user=0.00 sys=0.00, real=0.01 secs] 
2025-08-31T23:07:15.803+0800: 190.187: [GC (Allocation Failure) [PSYoungGen: 307904K->128K(332288K)] 754105K->446329K(1031680K), 0.0089684 secs] [Times: user=0.00 sys=0.00, real=0.01 secs] 
2025-08-31T23:07:21.576+0800: 195.959: [GC (Allocation Failure) [PSYoungGen: 313984K->192K(330752K)] 760185K->446393K(1030144K), 0.0045210 secs] [Times: user=0.00 sys=0.00, real=0.00 secs] 
2025-08-31T23:07:26.450+0800: 200.833: [GC (Allocation Failure) [PSYoungGen: 314048K->128K(334848K)] 760249K->446345K(1034240K), 0.0056398 secs] [Times: user=0.05 sys=0.03, real=0.00 secs] 
2025-08-31T23:07:29.136+0800: 203.519: [GC (Allocation Failure) [PSYoungGen: 319616K->288K(333824K)] 765833K->446505K(1033216K), 0.0020299 secs] [Times: user=0.08 sys=0.03, real=0.00 secs] 
2025-08-31T23:07:31.539+0800: 205.923: [GC (Allocation Failure) [PSYoungGen: 319776K->288K(336896K)] 765993K->446505K(1036288K), 0.0043142 secs] [Times: user=0.00 sys=0.00, real=0.00 secs] 
2025-08-31T23:07:33.739+0800: 208.122: [GC (Allocation Failure) [PSYoungGen: 323872K->224K(335872K)] 770089K->446441K(1035264K), 0.0019171 secs] [Times: user=0.00 sys=0.00, real=0.00 secs] 
2025-08-31T23:07:36.008+0800: 210.392: [GC (Allocation Failure) [PSYoungGen: 323808K->320K(338944K)] 770025K->446537K(1038336K), 0.0025782 secs] [Times: user=0.00 sys=0.00, real=0.00 secs] 
2025-08-31T23:07:38.094+0800: 212.477: [GC (Allocation Failure) [PSYoungGen: 328000K->160K(337920K)] 774217K->446377K(1037312K), 0.0018603 secs] [Times: user=0.00 sys=0.00, real=0.00 secs] 
2025-08-31T23:07:42.343+0800: 216.726: [GC (Allocation Failure) [PSYoungGen: 327840K->224K(340480K)] 774057K->446441K(1039872K), 0.0047816 secs] [Times: user=0.00 sys=0.00, real=0.01 secs] 
2025-08-31T23:07:48.518+0800: 222.902: [GC (Allocation Failure) [PSYoungGen: 330976K->224K(339456K)] 777193K->446441K(1038848K), 0.0059149 secs] [Times: user=0.00 sys=0.00, real=0.01 secs] 
2025-08-31T23:07:54.522+0800: 228.906: [GC (Allocation Failure) [PSYoungGen: 330976K->224K(341504K)] 777193K->446441K(1040896K), 0.0062431 secs] [Times: user=0.00 sys=0.02, real=0.01 secs] 
2025-08-31T23:08:00.373+0800: 234.756: [GC (Allocation Failure) [PSYoungGen: 333536K->224K(340992K)] 779753K->446441K(1040384K), 0.0053696 secs] [Times: user=0.00 sys=0.00, real=0.01 secs] 
2025-08-31T23:08:06.591+0800: 240.974: [GC (Allocation Failure) [PSYoungGen: 333536K->224K(343040K)] 779753K->446441K(1042432K), 0.0045843 secs] [Times: user=0.00 sys=0.01, real=0.00 secs] 
2025-08-31T23:08:12.750+0800: 247.133: [GC (Allocation Failure) [PSYoungGen: 336608K->96K(342528K)] 782825K->446313K(1041920K), 0.0059992 secs] [Times: user=0.00 sys=0.00, real=0.01 secs] 
2025-08-31T23:08:18.707+0800: 253.090: [GC (Allocation Failure) [PSYoungGen: 336480K->64K(343552K)] 782697K->446281K(1042944K), 0.0165918 secs] [Times: user=0.00 sys=0.00, real=0.02 secs] 
2025-08-31T23:08:25.454+0800: 259.836: [GC (Allocation Failure) [PSYoungGen: 337984K->160K(343552K)] 784201K->446377K(1042944K), 0.0052503 secs] [Times: user=0.00 sys=0.00, real=0.01 secs] 
2025-08-31T23:08:31.236+0800: 265.619: [GC (Allocation Failure) [PSYoungGen: 338080K->128K(344576K)] 784297K->446353K(1043968K), 0.0050228 secs] [Times: user=0.00 sys=0.00, real=0.00 secs] 
2025-08-31T23:08:37.091+0800: 271.475: [GC (Allocation Failure) [PSYoungGen: 339584K->192K(344064K)] 785809K->446425K(1043456K), 0.0087060 secs] [Times: user=0.00 sys=0.00, real=0.01 secs] 
2025-08-31T23:08:43.835+0800: 278.219: [GC (Allocation Failure) [PSYoungGen: 339648K->192K(345088K)] 785881K->446425K(1044480K), 0.0051393 secs] [Times: user=0.00 sys=0.00, real=0.01 secs] 
2025-08-31T23:08:49.857+0800: 284.240: [GC (Allocation Failure) [PSYoungGen: 341184K->192K(345088K)] 787417K->446425K(1044480K), 0.0079204 secs] [Times: user=0.00 sys=0.00, real=0.01 secs] 
2025-08-31T23:08:55.917+0800: 290.300: [GC (Allocation Failure) [PSYoungGen: 341184K->224K(345600K)] 787417K->446457K(1044992K), 0.0045206 secs] [Times: user=0.09 sys=0.00, real=0.00 secs] 
2025-08-31T23:09:02.896+0800: 297.278: [GC (Allocation Failure) [PSYoungGen: 342240K->160K(345600K)] 788473K->446393K(1044992K), 0.0071966 secs] [Times: user=0.00 sys=0.00, real=0.01 secs] 
2025-08-31T23:09:09.060+0800: 303.444: [GC (Allocation Failure) [PSYoungGen: 342176K->224K(346112K)] 788409K->446457K(1045504K), 0.0058946 secs] [Times: user=0.00 sys=0.00, real=0.01 secs] 
2025-08-31T23:09:14.957+0800: 309.339: [GC (Allocation Failure) [PSYoungGen: 343264K->256K(346112K)] 789497K->446489K(1045504K), 0.0056352 secs] [Times: user=0.00 sys=0.00, real=0.00 secs] 
2025-08-31T23:09:20.943+0800: 315.326: [GC (Allocation Failure) [PSYoungGen: 343296K->256K(346624K)] 789529K->446489K(1046016K), 0.0045744 secs] [Times: user=0.00 sys=0.00, real=0.00 secs] 
2025-08-31T23:09:26.998+0800: 321.381: [GC (Allocation Failure) [PSYoungGen: 344320K->128K(346624K)] 790553K->446361K(1046016K), 0.0064972 secs] [Times: user=0.00 sys=0.00, real=0.01 secs] 
2025-08-31T23:09:32.808+0800: 327.191: [GC (Allocation Failure) [PSYoungGen: 344192K->224K(347136K)] 790425K->446457K(1046528K), 0.0050005 secs] [Times: user=0.08 sys=0.00, real=0.00 secs] 
2025-08-31T23:09:37.875+0800: 332.258: [GC (Allocation Failure) [PSYoungGen: 345312K->288K(347136K)] 791545K->446521K(1046528K), 0.0036890 secs] [Times: user=0.00 sys=0.00, real=0.00 secs] 
2025-08-31T23:09:40.472+0800: 334.856: [GC (Allocation Failure) [PSYoungGen: 345376K->352K(347136K)] 791609K->446585K(1046528K), 0.0020278 secs] [Times: user=0.00 sys=0.00, real=0.00 secs] 
2025-08-31T23:09:43.239+0800: 337.622: [GC (Allocation Failure) [PSYoungGen: 345440K->192K(347136K)] 791673K->446425K(1046528K), 0.0022891 secs] [Times: user=0.00 sys=0.00, real=0.00 secs] 
2025-08-31T23:09:45.885+0800: 340.268: [GC (Allocation Failure) [PSYoungGen: 345280K->320K(347648K)] 791513K->446553K(1047040K), 0.0022932 secs] [Times: user=0.00 sys=0.00, real=0.00 secs] 
2025-08-31T23:09:48.650+0800: 343.033: [GC (Allocation Failure) [PSYoungGen: 346432K->352K(347648K)] 792665K->446633K(1047040K), 0.0018598 secs] [Times: user=0.00 sys=0.00, real=0.00 secs] 
2025-08-31T23:09:51.232+0800: 345.615: [GC (Allocation Failure) [PSYoungGen: 346464K->192K(347648K)] 792745K->446481K(1047040K), 0.0042878 secs] [Times: user=0.00 sys=0.00, real=0.00 secs] 
2025-08-31T23:09:53.750+0800: 348.133: [GC (Allocation Failure) [PSYoungGen: 346304K->320K(347648K)] 792593K->446617K(1047040K), 0.0032295 secs] [Times: user=0.00 sys=0.00, real=0.00 secs] 
2025-08-31T23:09:56.513+0800: 350.896: [GC (Allocation Failure) [PSYoungGen: 346432K->224K(347648K)] 792729K->446521K(1047040K), 0.0029620 secs] [Times: user=0.02 sys=0.00, real=0.00 secs] 
2025-08-31T23:09:59.131+0800: 353.515: [GC (Allocation Failure) [PSYoungGen: 346336K->320K(347648K)] 792633K->446617K(1047040K), 0.0046620 secs] [Times: user=0.00 sys=0.00, real=0.00 secs] 
2025-08-31T23:10:01.801+0800: 356.185: [GC (Allocation Failure) [PSYoungGen: 346432K->288K(348160K)] 792729K->446585K(1047552K), 0.0028773 secs] [Times: user=0.00 sys=0.00, real=0.00 secs] 
2025-08-31T23:10:04.297+0800: 358.681: [GC (Allocation Failure) [PSYoungGen: 347424K->288K(348160K)] 793721K->446593K(1047552K), 0.0022827 secs] [Times: user=0.00 sys=0.00, real=0.00 secs] 
2025-08-31T23:10:06.618+0800: 361.001: [GC (Allocation Failure) [PSYoungGen: 347424K->224K(348160K)] 793729K->446537K(1047552K), 0.0057673 secs] [Times: user=0.00 sys=0.00, real=0.01 secs] 
2025-08-31T23:10:09.257+0800: 363.640: [GC (Allocation Failure) [PSYoungGen: 347360K->320K(348160K)] 793673K->446649K(1047552K), 0.0070060 secs] [Times: user=0.00 sys=0.00, real=0.01 secs] 
2025-08-31T23:10:12.005+0800: 366.388: [GC (Allocation Failure) [PSYoungGen: 347456K->320K(348160K)] 793785K->446649K(1047552K), 0.0031125 secs] [Times: user=0.00 sys=0.00, real=0.00 secs] 
2025-08-31T23:10:14.590+0800: 368.973: [GC (Allocation Failure) [PSYoungGen: 347456K->256K(348160K)] 793785K->446585K(1047552K), 0.0015904 secs] [Times: user=0.09 sys=0.00, real=0.00 secs] 
2025-08-31T23:10:17.114+0800: 371.496: [GC (Allocation Failure) [PSYoungGen: 347392K->192K(348160K)] 793721K->446521K(1047552K), 0.0016778 secs] [Times: user=0.00 sys=0.00, real=0.00 secs] 
2025-08-31T23:10:18.872+0800: 373.255: [GC (Allocation Failure) [PSYoungGen: 347328K->288K(348160K)] 793657K->446617K(1047552K), 0.0021509 secs] [Times: user=0.01 sys=0.00, real=0.00 secs] 
2025-08-31T23:10:20.891+0800: 375.273: [GC (Allocation Failure) [PSYoungGen: 347424K->288K(348160K)] 793753K->446633K(1047552K), 0.0022936 secs] [Times: user=0.00 sys=0.00, real=0.00 secs] 
2025-08-31T23:10:22.618+0800: 377.001: [GC (Allocation Failure) [PSYoungGen: 347424K->256K(348160K)] 793769K->446617K(1047552K), 0.0021400 secs] [Times: user=0.00 sys=0.00, real=0.00 secs] 
2025-08-31T23:10:24.268+0800: 378.652: [GC (Allocation Failure) [PSYoungGen: 347392K->288K(348160K)] 793753K->446649K(1047552K), 0.0018281 secs] [Times: user=0.00 sys=0.00, real=0.00 secs] 
2025-08-31T23:10:26.206+0800: 380.590: [GC (Allocation Failure) [PSYoungGen: 347424K->256K(348160K)] 793785K->446633K(1047552K), 0.0036436 secs] [Times: user=0.00 sys=0.00, real=0.00 secs] 
2025-08-31T23:10:28.209+0800: 382.591: [GC (Allocation Failure) [PSYoungGen: 347392K->256K(348672K)] 793769K->446633K(1048064K), 0.0019299 secs] [Times: user=0.00 sys=0.00, real=0.00 secs] 
2025-08-31T23:10:29.887+0800: 384.270: [GC (Allocation Failure) [PSYoungGen: 347904K->192K(348160K)] 794281K->446569K(1047552K), 0.0024492 secs] [Times: user=0.09 sys=0.00, real=0.00 secs] 
2025-08-31T23:10:31.818+0800: 386.201: [GC (Allocation Failure) [PSYoungGen: 347840K->224K(348672K)] 794217K->446601K(1048064K), 0.0020125 secs] [Times: user=0.00 sys=0.00, real=0.00 secs] 
2025-08-31T23:10:34.073+0800: 388.456: [GC (Allocation Failure) [PSYoungGen: 348384K->384K(348672K)] 794761K->446761K(1048064K), 0.0017525 secs] [Times: user=0.00 sys=0.00, real=0.00 secs] 
2025-08-31T23:10:36.097+0800: 390.480: [GC (Allocation Failure) [PSYoungGen: 348544K->507K(303616K)] 794921K->506845K(1003008K), 0.0207241 secs] [Times: user=0.08 sys=0.08, real=0.02 secs] 
2025-08-31T23:10:37.126+0800: 391.510: [GC (Allocation Failure) [PSYoungGen: 303611K->22265K(321024K)] 809949K->528603K(1020416K), 0.0069188 secs] [Times: user=0.00 sys=0.00, real=0.01 secs] 
2025-08-31T23:10:39.629+0800: 394.012: [GC (Allocation Failure) [PSYoungGen: 320761K->22233K(311296K)] 827099K->528579K(1010688K), 0.0145660 secs] [Times: user=0.01 sys=0.01, real=0.02 secs] 
2025-08-31T23:10:44.241+0800: 398.624: [GC (Allocation Failure) [PSYoungGen: 309977K->22233K(306176K)] 816323K->528595K(1005568K), 0.0142985 secs] [Times: user=0.03 sys=0.03, real=0.01 secs] 
2025-08-31T23:10:48.771+0800: 403.154: [GC (Allocation Failure) [PSYoungGen: 305881K->22201K(311808K)] 812243K->528571K(1011200K), 0.0123750 secs] [Times: user=0.08 sys=0.00, real=0.01 secs] 
2025-08-31T23:10:52.868+0800: 407.251: [GC (Allocation Failure) [PSYoungGen: 300729K->22233K(301056K)] 807099K->528611K(1000448K), 0.0145422 secs] [Times: user=0.09 sys=0.00, real=0.01 secs] 
2025-08-31T23:10:57.269+0800: 411.653: [GC (Allocation Failure) [PSYoungGen: 300761K->22233K(310272K)] 807139K->528611K(1009664K), 0.0121588 secs] [Times: user=0.09 sys=0.03, real=0.01 secs] 
2025-08-31T23:11:02.058+0800: 416.441: [GC (Allocation Failure) [PSYoungGen: 295641K->22137K(295936K)] 802019K->528523K(995328K), 0.0161136 secs] [Times: user=0.06 sys=0.05, real=0.02 secs] 
2025-08-31T23:11:06.148+0800: 420.531: [GC (Allocation Failure) [PSYoungGen: 295545K->22169K(310272K)] 801931K->528555K(1009664K), 0.0140536 secs] [Times: user=0.11 sys=0.00, real=0.01 secs] 
2025-08-31T23:11:11.037+0800: 425.420: [GC (Allocation Failure) [PSYoungGen: 293529K->22233K(293888K)] 799915K->528619K(993280K), 0.0149404 secs] [Times: user=0.03 sys=0.02, real=0.02 secs] 
2025-08-31T23:11:15.457+0800: 429.840: [GC (Allocation Failure) [PSYoungGen: 293593K->22265K(309760K)] 799979K->528659K(1009152K), 0.0155333 secs] [Times: user=0.08 sys=0.00, real=0.01 secs] 
2025-08-31T23:11:19.638+0800: 434.022: [GC (Allocation Failure) [PSYoungGen: 292601K->22137K(309760K)] 798995K->528539K(1009152K), 0.0143825 secs] [Times: user=0.00 sys=0.00, real=0.02 secs] 
2025-08-31T23:11:24.025+0800: 438.407: [GC (Allocation Failure) [PSYoungGen: 292473K->22297K(310272K)] 798875K->528699K(1009664K), 0.0139552 secs] [Times: user=0.13 sys=0.00, real=0.01 secs] 
2025-08-31T23:11:28.547+0800: 442.931: [GC (Allocation Failure) [PSYoungGen: 293657K->22201K(310272K)] 800059K->528603K(1009664K), 0.0140650 secs] [Times: user=0.01 sys=0.00, real=0.02 secs] 
2025-08-31T23:11:32.646+0800: 447.029: [GC (Allocation Failure) [PSYoungGen: 293561K->22265K(311296K)] 799963K->528667K(1010688K), 0.0126559 secs] [Times: user=0.09 sys=0.00, real=0.01 secs] 
2025-08-31T23:11:37.056+0800: 451.438: [GC (Allocation Failure) [PSYoungGen: 295161K->22137K(310784K)] 801563K->528699K(1010176K), 0.0152480 secs] [Times: user=0.08 sys=0.02, real=0.02 secs] 
2025-08-31T23:11:42.223+0800: 456.606: [GC (Allocation Failure) [PSYoungGen: 295033K->224K(308736K)] 801595K->528932K(1008128K), 0.0249217 secs] [Times: user=0.03 sys=0.00, real=0.02 secs] 
2025-08-31T23:11:46.418+0800: 460.801: [GC (Allocation Failure) [PSYoungGen: 271584K->128K(271872K)] 800292K->528836K(971264K), 0.0048622 secs] [Times: user=0.09 sys=0.00, real=0.01 secs] 
2025-08-31T23:11:50.929+0800: 465.312: [GC (Allocation Failure) [PSYoungGen: 271488K->160K(309760K)] 800196K->528868K(1009152K), 0.0061604 secs] [Times: user=0.02 sys=0.00, real=0.01 secs] 
2025-08-31T23:11:54.947+0800: 469.330: [GC (Allocation Failure) [PSYoungGen: 270496K->160K(309760K)] 799204K->528868K(1009152K), 0.0044129 secs] [Times: user=0.02 sys=0.00, real=0.00 secs] 
2025-08-31T23:11:59.220+0800: 473.603: [GC (Allocation Failure) [PSYoungGen: 270496K->160K(310272K)] 799204K->528868K(1009664K), 0.0054780 secs] [Times: user=0.00 sys=0.00, real=0.01 secs] 
2025-08-31T23:12:02.042+0800: 476.424: [GC (Allocation Failure) [PSYoungGen: 271008K->38897K(309760K)] 799716K->625325K(1009152K), 0.1200213 secs] [Times: user=0.52 sys=0.09, real=0.12 secs] 
2025-08-31T23:12:05.316+0800: 479.699: [GC (Allocation Failure) [PSYoungGen: 309745K->39414K(190976K)] 896173K->703315K(890368K), 0.1689928 secs] [Times: user=0.86 sys=0.19, real=0.17 secs] 
2025-08-31T23:12:05.485+0800: 479.868: [Full GC (Ergonomics) [PSYoungGen: 39414K->0K(190976K)] [ParOldGen: 663900K->175317K(699392K)] 703315K->175317K(890368K), [Metaspace: 53476K->53476K(1099776K)], 0.7622798 secs] [Times: user=4.14 sys=0.14, real=0.76 secs] 
2025-08-31T23:12:08.344+0800: 482.727: [GC (Allocation Failure) [PSYoungGen: 151552K->49836K(201728K)] 326869K->225154K(901120K), 0.0476906 secs] [Times: user=0.28 sys=0.02, real=0.05 secs] 
2025-08-31T23:12:10.341+0800: 484.724: [GC (Allocation Failure) [PSYoungGen: 201388K->99303K(216064K)] 376706K->279236K(915456K), 0.0851673 secs] [Times: user=0.58 sys=0.00, real=0.09 secs] 
2025-08-31T23:12:11.711+0800: 486.094: [GC (Allocation Failure) [PSYoungGen: 216039K->73605K(232960K)] 395972K->253539K(932352K), 0.0626499 secs] [Times: user=0.39 sys=0.00, real=0.06 secs] 
2025-08-31T23:12:12.594+0800: 486.977: [GC (Allocation Failure) [PSYoungGen: 190341K->116223K(232960K)] 370275K->307917K(932352K), 0.1093566 secs] [Times: user=0.69 sys=0.00, real=0.11 secs] 
2025-08-31T23:12:15.088+0800: 489.471: [GC (Allocation Failure) [PSYoungGen: 232959K->77557K(232960K)] 424653K->269251K(932352K), 0.0629797 secs] [Times: user=0.34 sys=0.02, real=0.06 secs] 
2025-08-31T23:12:15.676+0800: 490.059: [GC (Allocation Failure) [PSYoungGen: 194293K->116212K(232960K)] 385987K->335026K(932352K), 0.1280060 secs] [Times: user=0.84 sys=0.00, real=0.13 secs] 
2025-08-31T23:12:18.147+0800: 492.530: [GC (Allocation Failure) [PSYoungGen: 232948K->116212K(232960K)] 451762K->352698K(932352K), 0.1177464 secs] [Times: user=0.56 sys=0.00, real=0.12 secs] 
2025-08-31T23:12:18.999+0800: 493.382: [GC (Allocation Failure) [PSYoungGen: 232948K->102968K(232960K)] 469434K->344157K(932352K), 0.0943358 secs] [Times: user=0.53 sys=0.01, real=0.09 secs] 
2025-08-31T23:12:20.772+0800: 495.155: [GC (Allocation Failure) [PSYoungGen: 219704K->116212K(232960K)] 460893K->381026K(932352K), 0.1241818 secs] [Times: user=0.88 sys=0.00, real=0.12 secs] 
2025-08-31T23:12:22.429+0800: 496.813: [GC (Allocation Failure) [PSYoungGen: 232948K->73081K(232960K)] 497762K->348167K(932352K), 0.0728299 secs] [Times: user=0.45 sys=0.00, real=0.07 secs] 
2025-08-31T23:12:23.255+0800: 497.639: [GC (Allocation Failure) [PSYoungGen: 189817K->111188K(232960K)] 464903K->405913K(932352K), 0.1130651 secs] [Times: user=0.73 sys=0.00, real=0.11 secs] 
2025-08-31T23:12:25.609+0800: 499.992: [GC (Allocation Failure) [PSYoungGen: 227924K->33924K(232960K)] 522649K->352912K(932352K), 0.0643012 secs] [Times: user=0.48 sys=0.00, real=0.07 secs] 
2025-08-31T23:12:26.142+0800: 500.526: [GC (Allocation Failure) [PSYoungGen: 150660K->66229K(232960K)] 469648K->418961K(932352K), 0.1050305 secs] [Times: user=0.64 sys=0.00, real=0.11 secs] 
2025-08-31T23:12:28.260+0800: 502.644: [GC (Allocation Failure) [PSYoungGen: 182965K->20128K(232960K)] 535697K->439145K(932352K), 0.1027290 secs] [Times: user=0.58 sys=0.01, real=0.10 secs] 
2025-08-31T23:12:29.383+0800: 503.766: [GC (Allocation Failure) [PSYoungGen: 136864K->50491K(232960K)] 555881K->489461K(932352K), 0.0868184 secs] [Times: user=0.50 sys=0.00, real=0.09 secs] 
2025-08-31T23:12:31.626+0800: 506.009: [GC (Allocation Failure) [PSYoungGen: 167227K->3296K(232960K)] 606197K->454369K(932352K), 0.0354981 secs] [Times: user=0.20 sys=0.00, real=0.04 secs] 
2025-08-31T23:12:34.656+0800: 509.039: [GC (Allocation Failure) [PSYoungGen: 120032K->224K(232960K)] 571105K->454369K(932352K), 0.0152896 secs] [Times: user=0.03 sys=0.00, real=0.02 secs] 
2025-08-31T23:12:37.038+0800: 511.421: [GC (Allocation Failure) [PSYoungGen: 116960K->192K(232960K)] 571105K->454337K(932352K), 0.0050075 secs] [Times: user=0.00 sys=0.00, real=0.01 secs] 
2025-08-31T23:12:39.840+0800: 514.223: [GC (Allocation Failure) [PSYoungGen: 116928K->128K(232960K)] 571073K->454273K(932352K), 0.0046632 secs] [Times: user=0.06 sys=0.00, real=0.01 secs] 
2025-08-31T23:12:42.482+0800: 516.865: [GC (Allocation Failure) [PSYoungGen: 116864K->192K(232960K)] 571009K->454369K(932352K), 0.0052759 secs] [Times: user=0.00 sys=0.00, real=0.00 secs] 
2025-08-31T23:12:45.224+0800: 519.607: [GC (Allocation Failure) [PSYoungGen: 116928K->128K(232960K)] 571105K->454313K(932352K), 0.0066098 secs] [Times: user=0.00 sys=0.00, real=0.01 secs] 
2025-08-31T23:12:47.569+0800: 521.951: [GC (Allocation Failure) [PSYoungGen: 116864K->160K(232960K)] 571049K->454345K(932352K), 0.0064827 secs] [Times: user=0.00 sys=0.00, real=0.01 secs] 
2025-08-31T23:12:50.356+0800: 524.739: [GC (Allocation Failure) [PSYoungGen: 116896K->288K(232960K)] 571081K->454489K(932352K), 0.0064314 secs] [Times: user=0.03 sys=0.00, real=0.01 secs] 
2025-08-31T23:12:52.772+0800: 527.155: [GC (Allocation Failure) [PSYoungGen: 117024K->96K(232960K)] 571225K->454313K(932352K), 0.0069163 secs] [Times: user=0.00 sys=0.00, real=0.01 secs] 
2025-08-31T23:12:55.551+0800: 529.934: [GC (Allocation Failure) [PSYoungGen: 116832K->192K(232960K)] 571049K->454409K(932352K), 0.0053655 secs] [Times: user=0.00 sys=0.00, real=0.00 secs] 
2025-08-31T23:12:58.068+0800: 532.451: [GC (Allocation Failure) [PSYoungGen: 116928K->64K(232960K)] 571145K->454281K(932352K), 0.0070116 secs] [Times: user=0.00 sys=0.00, real=0.01 secs] 
2025-08-31T23:13:00.738+0800: 535.122: [GC (Allocation Failure) [PSYoungGen: 116800K->160K(232960K)] 571017K->454377K(932352K), 0.0055778 secs] [Times: user=0.00 sys=0.00, real=0.01 secs] 
2025-08-31T23:13:03.561+0800: 537.944: [GC (Allocation Failure) [PSYoungGen: 116896K->256K(237568K)] 571113K->454505K(936960K), 0.0056335 secs] [Times: user=0.00 sys=0.00, real=0.00 secs] 
2025-08-31T23:13:06.149+0800: 540.532: [GC (Allocation Failure) [PSYoungGen: 121600K->256K(232960K)] 575849K->454505K(932352K), 0.0048589 secs] [Times: user=0.02 sys=0.00, real=0.01 secs] 
2025-08-31T23:13:08.726+0800: 543.109: [GC (Allocation Failure) [PSYoungGen: 121600K->96K(249856K)] 575849K->454345K(949248K), 0.0085037 secs] [Times: user=0.01 sys=0.00, real=0.01 secs] 
2025-08-31T23:13:12.047+0800: 546.430: [GC (Allocation Failure) [PSYoungGen: 144480K->64K(243712K)] 598729K->454313K(943104K), 0.0060810 secs] [Times: user=0.00 sys=0.00, real=0.01 secs] 
2025-08-31T23:13:15.051+0800: 549.434: [GC (Allocation Failure) [PSYoungGen: 144448K->160K(261632K)] 598697K->454409K(961024K), 0.0053003 secs] [Times: user=0.00 sys=0.00, real=0.01 secs] 
2025-08-31T23:13:18.876+0800: 553.259: [GC (Allocation Failure) [PSYoungGen: 168608K->160K(256000K)] 622857K->454409K(955392K), 0.0044285 secs] [Times: user=0.00 sys=0.00, real=0.00 secs] 
2025-08-31T23:13:22.413+0800: 556.797: [GC (Allocation Failure) [PSYoungGen: 168608K->96K(272896K)] 622857K->454353K(972288K), 0.0073710 secs] [Times: user=0.02 sys=0.00, real=0.01 secs] 
2025-08-31T23:13:26.560+0800: 560.943: [GC (Allocation Failure) [PSYoungGen: 191072K->160K(267264K)] 645329K->454417K(966656K), 0.0054424 secs] [Times: user=0.00 sys=0.00, real=0.00 secs] 
2025-08-31T23:13:30.544+0800: 564.927: [GC (Allocation Failure) [PSYoungGen: 191136K->256K(282624K)] 645393K->454513K(982016K), 0.0054966 secs] [Times: user=0.00 sys=0.02, real=0.01 secs] 
2025-08-31T23:13:34.945+0800: 569.328: [GC (Allocation Failure) [PSYoungGen: 211712K->192K(278016K)] 665969K->454449K(977408K), 0.0064279 secs] [Times: user=0.00 sys=0.02, real=0.01 secs] 
2025-08-31T23:13:39.743+0800: 574.126: [GC (Allocation Failure) [PSYoungGen: 211648K->160K(291840K)] 665905K->454417K(991232K), 0.0050128 secs] [Times: user=0.00 sys=0.02, real=0.00 secs] 
2025-08-31T23:13:44.698+0800: 579.081: [GC (Allocation Failure) [PSYoungGen: 230048K->128K(287232K)] 684305K->454385K(986624K), 0.0076771 secs] [Times: user=0.03 sys=0.00, real=0.01 secs] 
2025-08-31T23:13:49.975+0800: 584.358: [GC (Allocation Failure) [PSYoungGen: 230016K->160K(299520K)] 684273K->454417K(998912K), 0.0058625 secs] [Times: user=0.00 sys=0.00, real=0.01 secs] 
2025-08-31T23:13:55.225+0800: 589.608: [GC (Allocation Failure) [PSYoungGen: 245920K->128K(295424K)] 700177K->454385K(994816K), 0.0273057 secs] [Times: user=0.00 sys=0.00, real=0.03 secs] 
2025-08-31T23:14:00.743+0800: 595.126: [GC (Allocation Failure) [PSYoungGen: 245888K->96K(306688K)] 700145K->454353K(1006080K), 0.0064221 secs] [Times: user=0.00 sys=0.00, real=0.01 secs] 
2025-08-31T23:14:06.471+0800: 600.854: [GC (Allocation Failure) [PSYoungGen: 260704K->192K(303104K)] 714961K->454449K(1002496K), 0.0062628 secs] [Times: user=0.00 sys=0.00, real=0.01 secs] 
2025-08-31T23:14:11.987+0800: 606.370: [GC (Allocation Failure) [PSYoungGen: 260800K->192K(312320K)] 715057K->454449K(1011712K), 0.0055698 secs] [Times: user=0.00 sys=0.00, real=0.01 secs] 
2025-08-31T23:14:18.016+0800: 612.398: [GC (Allocation Failure) [PSYoungGen: 273088K->96K(309760K)] 727345K->454353K(1009152K), 0.0164301 secs] [Times: user=0.00 sys=0.00, real=0.02 secs] 
2025-08-31T23:14:23.789+0800: 618.172: [GC (Allocation Failure) [PSYoungGen: 272992K->256K(317952K)] 727249K->454521K(1017344K), 0.0055544 secs] [Times: user=0.02 sys=0.00, real=0.01 secs] 
2025-08-31T23:14:30.030+0800: 624.413: [GC (Allocation Failure) [PSYoungGen: 284416K->192K(315392K)] 738681K->454457K(1014784K), 0.0056116 secs] [Times: user=0.00 sys=0.00, real=0.01 secs] 
2025-08-31T23:14:36.416+0800: 630.799: [GC (Allocation Failure) [PSYoungGen: 284352K->128K(322560K)] 738617K->454393K(1021952K), 0.0070093 secs] [Times: user=0.03 sys=0.00, real=0.01 secs] 
2025-08-31T23:14:43.170+0800: 637.553: [GC (Allocation Failure) [PSYoungGen: 293504K->128K(320000K)] 747769K->454401K(1019392K), 0.0056581 secs] [Times: user=0.00 sys=0.00, real=0.01 secs] 
2025-08-31T23:14:49.384+0800: 643.767: [GC (Allocation Failure) [PSYoungGen: 293504K->160K(326656K)] 747777K->454433K(1026048K), 0.0053840 secs] [Times: user=0.00 sys=0.00, real=0.01 secs] 
2025-08-31T23:14:56.294+0800: 650.677: [GC (Allocation Failure) [PSYoungGen: 302240K->192K(324608K)] 756513K->454465K(1024000K), 0.0059741 secs] [Times: user=0.00 sys=0.02, real=0.01 secs] 
2025-08-31T23:15:03.092+0800: 657.475: [GC (Allocation Failure) [PSYoungGen: 302272K->192K(329728K)] 756545K->454465K(1029120K), 0.0046923 secs] [Times: user=0.00 sys=0.00, real=0.00 secs] 
2025-08-31T23:15:09.827+0800: 664.211: [GC (Allocation Failure) [PSYoungGen: 308928K->192K(328192K)] 763201K->454465K(1027584K), 0.0059297 secs] [Times: user=0.00 sys=0.00, real=0.01 secs] 
2025-08-31T23:15:16.465+0800: 670.848: [GC (Allocation Failure) [PSYoungGen: 308928K->128K(332800K)] 763201K->454401K(1032192K), 0.0061080 secs] [Times: user=0.03 sys=0.00, real=0.01 secs] 
2025-08-31T23:15:23.197+0800: 677.581: [GC (Allocation Failure) [PSYoungGen: 315008K->192K(331264K)] 769281K->454465K(1030656K), 0.0053644 secs] [Times: user=0.09 sys=0.00, real=0.01 secs] 
2025-08-31T23:15:29.426+0800: 683.809: [GC (Allocation Failure) [PSYoungGen: 315072K->192K(335360K)] 769345K->454465K(1034752K), 0.0061111 secs] [Times: user=0.00 sys=0.00, real=0.01 secs] 
2025-08-31T23:15:35.976+0800: 690.359: [GC (Allocation Failure) [PSYoungGen: 320192K->96K(333824K)] 774465K->454377K(1033216K), 0.0074611 secs] [Times: user=0.00 sys=0.00, real=0.01 secs] 
2025-08-31T23:15:42.817+0800: 697.201: [GC (Allocation Failure) [PSYoungGen: 320096K->192K(337408K)] 774377K->454473K(1036800K), 0.0059725 secs] [Times: user=0.00 sys=0.00, real=0.01 secs] 
2025-08-31T23:15:49.894+0800: 704.277: [GC (Allocation Failure) [PSYoungGen: 324800K->192K(336384K)] 779081K->454481K(1035776K), 0.0057010 secs] [Times: user=0.00 sys=0.00, real=0.01 secs] 
2025-08-31T23:15:56.990+0800: 711.373: [GC (Allocation Failure) [PSYoungGen: 324800K->224K(338944K)] 779089K->454513K(1038336K), 0.0047514 secs] [Times: user=0.00 sys=0.00, real=0.00 secs] 
2025-08-31T23:16:04.008+0800: 718.391: [GC (Allocation Failure) [PSYoungGen: 328416K->128K(338432K)] 782705K->454417K(1037824K), 0.0074352 secs] [Times: user=0.00 sys=0.00, real=0.01 secs] 
2025-08-31T23:16:10.911+0800: 725.294: [GC (Allocation Failure) [PSYoungGen: 328320K->160K(340480K)] 782609K->454457K(1039872K), 0.0052321 secs] [Times: user=0.00 sys=0.00, real=0.00 secs] 
2025-08-31T23:16:18.190+0800: 732.574: [GC (Allocation Failure) [PSYoungGen: 331424K->160K(339968K)] 785721K->454457K(1039360K), 0.0053032 secs] [Times: user=0.00 sys=0.00, real=0.01 secs] 
2025-08-31T23:16:25.725+0800: 740.108: [GC (Allocation Failure) [PSYoungGen: 331424K->224K(342016K)] 785721K->454521K(1041408K), 0.0047546 secs] [Times: user=0.00 sys=0.00, real=0.01 secs] 
2025-08-31T23:16:33.621+0800: 748.004: [GC (Allocation Failure) [PSYoungGen: 334560K->128K(341504K)] 788857K->454425K(1040896K), 0.0094444 secs] [Times: user=0.05 sys=0.00, real=0.01 secs] 
2025-08-31T23:16:46.763+0800: 761.146: [GC (Allocation Failure) [PSYoungGen: 334464K->96K(343040K)] 788761K->454393K(1042432K), 0.0548479 secs] [Times: user=0.00 sys=0.01, real=0.06 secs] 
2025-08-31T23:16:59.115+0800: 773.498: [GC (Allocation Failure) [PSYoungGen: 336480K->224K(342528K)] 790777K->454521K(1041920K), 0.0052199 secs] [Times: user=0.00 sys=0.00, real=0.00 secs] 
2025-08-31T23:17:06.538+0800: 780.922: [GC (Allocation Failure) [PSYoungGen: 336608K->96K(344064K)] 790905K->454393K(1043456K), 0.0066006 secs] [Times: user=0.02 sys=0.00, real=0.01 secs] 
2025-08-31T23:17:14.002+0800: 788.385: [GC (Allocation Failure) [PSYoungGen: 338528K->256K(343552K)] 792825K->454553K(1042944K), 0.0046416 secs] [Times: user=0.00 sys=0.00, real=0.00 secs] 
2025-08-31T23:17:21.143+0800: 795.526: [GC (Allocation Failure) [PSYoungGen: 338688K->224K(344576K)] 792985K->454521K(1043968K), 0.0042918 secs] [Times: user=0.00 sys=0.00, real=0.01 secs] 
2025-08-31T23:17:28.679+0800: 803.063: [GC (Allocation Failure) [PSYoungGen: 340192K->160K(344576K)] 794489K->454457K(1043968K), 0.0059532 secs] [Times: user=0.02 sys=0.00, real=0.01 secs] 
2025-08-31T23:17:36.025+0800: 810.408: [GC (Allocation Failure) [PSYoungGen: 340128K->256K(345600K)] 794425K->454569K(1044992K), 0.0055478 secs] [Times: user=0.00 sys=0.00, real=0.01 secs] 
2025-08-31T23:17:43.403+0800: 817.786: [GC (Allocation Failure) [PSYoungGen: 341760K->256K(345088K)] 796073K->454569K(1044480K), 0.0058109 secs] [Times: user=0.06 sys=0.00, real=0.01 secs] 
2025-08-31T23:17:50.622+0800: 825.005: [GC (Allocation Failure) [PSYoungGen: 341760K->160K(346112K)] 796073K->454473K(1045504K), 0.0052396 secs] [Times: user=0.00 sys=0.00, real=0.01 secs] 
2025-08-31T23:17:58.227+0800: 832.610: [GC (Allocation Failure) [PSYoungGen: 342688K->128K(345600K)] 797001K->454441K(1044992K), 0.0070192 secs] [Times: user=0.02 sys=0.00, real=0.01 secs] 
2025-08-31T23:18:05.754+0800: 840.137: [GC (Allocation Failure) [PSYoungGen: 342656K->224K(346624K)] 796969K->454537K(1046016K), 0.0048392 secs] [Times: user=0.00 sys=0.00, real=0.00 secs] 
2025-08-31T23:18:12.932+0800: 847.315: [GC (Allocation Failure) [PSYoungGen: 343776K->64K(346112K)] 798089K->454385K(1045504K), 0.0066947 secs] [Times: user=0.02 sys=0.02, real=0.01 secs] 
2025-08-31T23:18:20.489+0800: 854.871: [GC (Allocation Failure) [PSYoungGen: 343616K->160K(346624K)] 797937K->454481K(1046016K), 0.0064653 secs] [Times: user=0.00 sys=0.00, real=0.01 secs] 
2025-08-31T23:18:28.087+0800: 862.470: [GC (Allocation Failure) [PSYoungGen: 344224K->256K(346624K)] 798545K->454577K(1046016K), 0.0050455 secs] [Times: user=0.02 sys=0.00, real=0.01 secs] 
2025-08-31T23:18:35.760+0800: 870.143: [GC (Allocation Failure) [PSYoungGen: 344320K->128K(347136K)] 798641K->454449K(1046528K), 0.0059840 secs] [Times: user=0.01 sys=0.02, real=0.01 secs] 
2025-08-31T23:18:43.390+0800: 877.773: [GC (Allocation Failure) [PSYoungGen: 345216K->96K(347136K)] 799537K->454417K(1046528K), 0.0070686 secs] [Times: user=0.00 sys=0.00, real=0.01 secs] 
2025-08-31T23:18:56.675+0800: 891.058: [GC (Allocation Failure) [PSYoungGen: 345184K->192K(347648K)] 799505K->454513K(1047040K), 0.0059796 secs] [Times: user=0.00 sys=0.00, real=0.01 secs] 
2025-08-31T23:19:08.190+0800: 902.574: [GC (Allocation Failure) [PSYoungGen: 345792K->96K(347136K)] 800113K->454425K(1046528K), 0.0114807 secs] [Times: user=0.02 sys=0.00, real=0.01 secs] 
2025-08-31T23:19:17.524+0800: 911.907: [GC (Allocation Failure) [PSYoungGen: 345696K->96K(347648K)] 800025K->454425K(1047040K), 0.0113585 secs] [Times: user=0.00 sys=0.00, real=0.01 secs] 
2025-08-31T23:19:30.756+0800: 925.139: [GC (Allocation Failure) [PSYoungGen: 346208K->96K(347648K)] 800537K->454425K(1047040K), 0.0143837 secs] [Times: user=0.02 sys=0.00, real=0.01 secs] 
2025-08-31T23:19:43.097+0800: 937.480: [GC (Allocation Failure) [PSYoungGen: 346208K->256K(347648K)] 800537K->454585K(1047040K), 0.0050155 secs] [Times: user=0.00 sys=0.00, real=0.01 secs] 
2025-08-31T23:19:50.812+0800: 945.195: [GC (Allocation Failure) [PSYoungGen: 346368K->256K(347648K)] 800697K->454585K(1047040K), 0.0077071 secs] [Times: user=0.00 sys=0.00, real=0.01 secs] 
2025-08-31T23:19:58.335+0800: 952.718: [GC (Allocation Failure) [PSYoungGen: 346368K->96K(348160K)] 800697K->454425K(1047552K), 0.0058637 secs] [Times: user=0.00 sys=0.00, real=0.01 secs] 
2025-08-31T23:20:05.938+0800: 960.322: [GC (Allocation Failure) [PSYoungGen: 346720K->224K(347648K)] 801049K->454553K(1047040K), 0.0053708 secs] [Times: user=0.00 sys=0.00, real=0.01 secs] 
2025-08-31T23:20:13.537+0800: 967.919: [GC (Allocation Failure) [PSYoungGen: 346848K->224K(348160K)] 801177K->454553K(1047552K), 0.0050376 secs] [Times: user=0.00 sys=0.00, real=0.01 secs] 
2025-08-31T23:20:20.871+0800: 975.254: [GC (Allocation Failure) [PSYoungGen: 347360K->128K(348160K)] 801689K->454457K(1047552K), 0.0059052 secs] [Times: user=0.00 sys=0.00, real=0.01 secs] 
2025-08-31T23:20:27.982+0800: 982.366: [GC (Allocation Failure) [PSYoungGen: 347264K->224K(348160K)] 801593K->454553K(1047552K), 0.0031810 secs] [Times: user=0.00 sys=0.00, real=0.00 secs] 
2025-08-31T23:20:35.172+0800: 989.555: [GC (Allocation Failure) [PSYoungGen: 347360K->256K(348160K)] 801689K->454585K(1047552K), 0.0054415 secs] [Times: user=0.00 sys=0.00, real=0.01 secs] 
2025-08-31T23:20:42.266+0800: 996.649: [GC (Allocation Failure) [PSYoungGen: 347392K->256K(348160K)] 801721K->454585K(1047552K), 0.0056690 secs] [Times: user=0.00 sys=0.00, real=0.00 secs] 
2025-08-31T23:20:49.602+0800: 1003.986: [GC (Allocation Failure) [PSYoungGen: 347392K->224K(348160K)] 801721K->454553K(1047552K), 0.0052172 secs] [Times: user=0.01 sys=0.00, real=0.01 secs] 
2025-08-31T23:20:57.107+0800: 1011.490: [GC (Allocation Failure) [PSYoungGen: 347360K->96K(348160K)] 801689K->454425K(1047552K), 0.0085465 secs] [Times: user=0.00 sys=0.00, real=0.01 secs] 
2025-08-31T23:21:04.830+0800: 1019.213: [GC (Allocation Failure) [PSYoungGen: 347232K->160K(348160K)] 801561K->454489K(1047552K), 0.0060704 secs] [Times: user=0.00 sys=0.00, real=0.01 secs] 
2025-08-31T23:21:12.673+0800: 1027.056: [GC (Allocation Failure) [PSYoungGen: 347296K->160K(348160K)] 801625K->454505K(1047552K), 0.0060947 secs] [Times: user=0.00 sys=0.00, real=0.01 secs] 
2025-08-31T23:21:20.412+0800: 1034.795: [GC (Allocation Failure) [PSYoungGen: 347296K->128K(348160K)] 801641K->454473K(1047552K), 0.0056857 secs] [Times: user=0.00 sys=0.00, real=0.01 secs] 
2025-08-31T23:21:28.285+0800: 1042.668: [GC (Allocation Failure) [PSYoungGen: 347264K->96K(348672K)] 801609K->454441K(1048064K), 0.0064210 secs] [Times: user=0.00 sys=0.00, real=0.01 secs] 
2025-08-31T23:21:36.290+0800: 1050.673: [GC (Allocation Failure) [PSYoungGen: 347744K->288K(348160K)] 802089K->454633K(1047552K), 0.0058916 secs] [Times: user=0.01 sys=0.00, real=0.01 secs] 
2025-08-31T23:21:44.832+0800: 1059.214: [GC (Allocation Failure) [PSYoungGen: 347936K->96K(348672K)] 802281K->454441K(1048064K), 0.0127600 secs] [Times: user=0.02 sys=0.00, real=0.01 secs] 
2025-08-31T23:21:52.356+0800: 1066.739: [GC (Allocation Failure) [PSYoungGen: 347744K->224K(348160K)] 802089K->454569K(1047552K), 0.0061684 secs] [Times: user=0.06 sys=0.03, real=0.01 secs] 
2025-08-31T23:22:00.144+0800: 1074.527: [GC (Allocation Failure) [PSYoungGen: 347872K->160K(348672K)] 802217K->454505K(1048064K), 0.0053989 secs] [Times: user=0.00 sys=0.00, real=0.00 secs] 
2025-08-31T23:22:08.269+0800: 1082.653: [GC (Allocation Failure) [PSYoungGen: 348320K->256K(348672K)] 802665K->454601K(1048064K), 0.0052968 secs] [Times: user=0.00 sys=0.00, real=0.01 secs] 
2025-08-31T23:22:16.250+0800: 1090.633: [GC (Allocation Failure) [PSYoungGen: 348416K->256K(348672K)] 802761K->454601K(1048064K), 0.0058101 secs] [Times: user=0.00 sys=0.00, real=0.01 secs] 
2025-08-31T23:22:24.794+0800: 1099.177: [GC (Allocation Failure) [PSYoungGen: 348416K->96K(348672K)] 802761K->454441K(1048064K), 0.0209238 secs] [Times: user=0.00 sys=0.00, real=0.02 secs] 
2025-08-31T23:22:39.579+0800: 1113.962: [GC (Allocation Failure) [PSYoungGen: 348256K->96K(348672K)] 802601K->454441K(1048064K), 0.0260318 secs] [Times: user=0.00 sys=0.00, real=0.03 secs] 
2025-08-31T23:22:51.536+0800: 1125.919: [GC (Allocation Failure) [PSYoungGen: 348256K->224K(348672K)] 802601K->454569K(1048064K), 0.0048718 secs] [Times: user=0.00 sys=0.00, real=0.00 secs] 
2025-08-31T23:22:59.750+0800: 1134.133: [GC (Allocation Failure) [PSYoungGen: 348384K->160K(348672K)] 802729K->454505K(1048064K), 0.0051916 secs] [Times: user=0.00 sys=0.00, real=0.01 secs] 
2025-08-31T23:23:08.256+0800: 1142.639: [GC (Allocation Failure) [PSYoungGen: 348320K->192K(348672K)] 802665K->454537K(1048064K), 0.0067601 secs] [Times: user=0.00 sys=0.00, real=0.01 secs] 
2025-08-31T23:23:16.357+0800: 1150.740: [GC (Allocation Failure) [PSYoungGen: 348352K->192K(348672K)] 802697K->454537K(1048064K), 0.0058630 secs] [Times: user=0.00 sys=0.00, real=0.01 secs] 
2025-08-31T23:23:24.546+0800: 1158.929: [GC (Allocation Failure) [PSYoungGen: 348352K->160K(348672K)] 802697K->454505K(1048064K), 0.0068281 secs] [Times: user=0.00 sys=0.00, real=0.01 secs] 
2025-08-31T23:23:32.151+0800: 1166.534: [GC (Allocation Failure) [PSYoungGen: 348320K->192K(348672K)] 802665K->454537K(1048064K), 0.0054688 secs] [Times: user=0.03 sys=0.00, real=0.01 secs] 
2025-08-31T23:23:38.495+0800: 1172.878: [GC (Allocation Failure) [PSYoungGen: 348352K->256K(348672K)] 802697K->454601K(1048064K), 0.0023369 secs] [Times: user=0.27 sys=0.00, real=0.00 secs] 
2025-08-31T23:23:41.514+0800: 1175.898: [GC (Allocation Failure) [PSYoungGen: 348416K->384K(348672K)] 802761K->454729K(1048064K), 0.0019492 secs] [Times: user=0.00 sys=0.00, real=0.00 secs] 
2025-08-31T23:23:44.587+0800: 1178.970: [GC (Allocation Failure) [PSYoungGen: 348544K->224K(348672K)] 802889K->454569K(1048064K), 0.0018372 secs] [Times: user=0.00 sys=0.00, real=0.00 secs] 
2025-08-31T23:23:47.289+0800: 1181.672: [GC (Allocation Failure) [PSYoungGen: 348384K->320K(348672K)] 802729K->454665K(1048064K), 0.0038192 secs] [Times: user=0.00 sys=0.00, real=0.00 secs] 
2025-08-31T23:23:50.151+0800: 1184.534: [GC (Allocation Failure) [PSYoungGen: 348480K->256K(348672K)] 802825K->454601K(1048064K), 0.0026385 secs] [Times: user=0.01 sys=0.00, real=0.00 secs] 
2025-08-31T23:23:53.112+0800: 1187.495: [GC (Allocation Failure) [PSYoungGen: 348416K->192K(348672K)] 802761K->454537K(1048064K), 0.0017896 secs] [Times: user=0.00 sys=0.00, real=0.00 secs] 
2025-08-31T23:23:57.109+0800: 1191.491: [GC (Allocation Failure) [PSYoungGen: 348352K->192K(348672K)] 802697K->454537K(1048064K), 0.0017668 secs] [Times: user=0.00 sys=0.00, real=0.00 secs] 
2025-08-31T23:24:00.719+0800: 1195.102: [GC (Allocation Failure) [PSYoungGen: 348352K->320K(348672K)] 802697K->454665K(1048064K), 0.0017276 secs] [Times: user=0.00 sys=0.00, real=0.00 secs] 
2025-08-31T23:24:03.866+0800: 1198.249: [GC (Allocation Failure) [PSYoungGen: 348480K->256K(348672K)] 802825K->454601K(1048064K), 0.0020906 secs] [Times: user=0.00 sys=0.00, real=0.00 secs] 
2025-08-31T23:24:06.844+0800: 1201.228: [GC (Allocation Failure) [PSYoungGen: 348416K->224K(348672K)] 802761K->454569K(1048064K), 0.0018869 secs] [Times: user=0.00 sys=0.00, real=0.00 secs] 
2025-08-31T23:24:09.932+0800: 1204.315: [GC (Allocation Failure) [PSYoungGen: 348384K->320K(348672K)] 802729K->454665K(1048064K), 0.0022143 secs] [Times: user=0.00 sys=0.00, real=0.00 secs] 
2025-08-31T23:24:12.713+0800: 1207.096: [GC (Allocation Failure) [PSYoungGen: 348480K->320K(348672K)] 802825K->454665K(1048064K), 0.0019513 secs] [Times: user=0.00 sys=0.00, real=0.00 secs] 
2025-08-31T23:24:15.754+0800: 1210.137: [GC (Allocation Failure) [PSYoungGen: 348480K->288K(348672K)] 802825K->454633K(1048064K), 0.0017619 secs] [Times: user=0.00 sys=0.00, real=0.00 secs] 
2025-08-31T23:24:18.881+0800: 1213.265: [GC (Allocation Failure) [PSYoungGen: 348448K->384K(348672K)] 802793K->454729K(1048064K), 0.0024659 secs] [Times: user=0.00 sys=0.00, real=0.00 secs] 
2025-08-31T23:24:21.914+0800: 1216.297: [GC (Allocation Failure) [PSYoungGen: 348544K->320K(348672K)] 802889K->454665K(1048064K), 0.0017829 secs] [Times: user=0.00 sys=0.00, real=0.00 secs] 
2025-08-31T23:24:24.762+0800: 1219.145: [GC (Allocation Failure) [PSYoungGen: 348480K->224K(348672K)] 802825K->454569K(1048064K), 0.0031359 secs] [Times: user=0.02 sys=0.00, real=0.00 secs] 
2025-08-31T23:24:28.173+0800: 1222.556: [GC (Allocation Failure) [PSYoungGen: 348384K->256K(348672K)] 802729K->454609K(1048064K), 0.0016548 secs] [Times: user=0.00 sys=0.00, real=0.00 secs] 
2025-08-31T23:24:31.199+0800: 1225.581: [GC (Allocation Failure) [PSYoungGen: 348416K->320K(348672K)] 802769K->454673K(1048064K), 0.0031009 secs] [Times: user=0.20 sys=0.03, real=0.00 secs] 
2025-08-31T23:24:33.199+0800: 1227.581: [GC (Allocation Failure) [PSYoungGen: 348480K->498K(348672K)] 802833K->467452K(1048064K), 0.0053381 secs] [Times: user=0.25 sys=0.03, real=0.01 secs] 
2025-08-31T23:24:35.816+0800: 1230.199: [GC (Allocation Failure) [PSYoungGen: 348658K->498K(339456K)] 815612K->467540K(1038848K), 0.0021114 secs] [Times: user=0.00 sys=0.00, real=0.00 secs] 
2025-08-31T23:24:38.072+0800: 1232.455: [GC (Allocation Failure) [PSYoungGen: 339442K->594K(344064K)] 806484K->467644K(1043456K), 0.0015584 secs] [Times: user=0.00 sys=0.00, real=0.00 secs] 
2025-08-31T23:24:41.290+0800: 1235.673: [GC (Allocation Failure) [PSYoungGen: 339538K->722K(344576K)] 806588K->467772K(1043968K), 0.0037882 secs] [Times: user=0.00 sys=0.00, real=0.00 secs] 
2025-08-31T23:24:43.839+0800: 1238.222: [GC (Allocation Failure) [PSYoungGen: 340178K->722K(344064K)] 807228K->467772K(1043456K), 0.0021880 secs] [Times: user=0.02 sys=0.00, real=0.00 secs] 
2025-08-31T23:24:46.136+0800: 1240.519: [GC (Allocation Failure) [PSYoungGen: 340178K->4580K(335360K)] 807228K->481422K(1034752K), 0.0059291 secs] [Times: user=0.14 sys=0.02, real=0.01 secs] 
2025-08-31T23:24:46.592+0800: 1240.976: [GC (Allocation Failure) [PSYoungGen: 335332K->9202K(339968K)] 812174K->569508K(1039360K), 0.0221877 secs] [Times: user=0.23 sys=0.05, real=0.02 secs] 
2025-08-31T23:24:47.223+0800: 1241.606: [GC (Allocation Failure) [PSYoungGen: 339954K->9194K(212992K)] 900260K->663084K(912384K), 0.0255537 secs] [Times: user=0.52 sys=0.05, real=0.03 secs] 
2025-08-31T23:24:47.249+0800: 1241.632: [Full GC (Ergonomics) [PSYoungGen: 9194K->0K(212992K)] [ParOldGen: 653889K->187821K(699392K)] 663084K->187821K(912384K), [Metaspace: 53681K->53384K(1099776K)], 0.1511903 secs] [Times: user=1.94 sys=0.06, real=0.15 secs] 
2025-08-31T23:24:48.764+0800: 1243.147: [GC (Allocation Failure) [PSYoungGen: 203776K->9152K(276480K)] 391597K->196981K(975872K), 0.0050726 secs] [Times: user=0.00 sys=0.00, real=0.01 secs] 
2025-08-31T23:24:50.036+0800: 1244.419: [GC (Allocation Failure) [PSYoungGen: 212928K->9152K(283136K)] 400757K->196981K(982528K), 0.0042482 secs] [Times: user=0.00 sys=0.00, real=0.00 secs] 
2025-08-31T23:24:51.687+0800: 1246.070: [GC (Allocation Failure) [PSYoungGen: 223168K->9088K(280064K)] 410997K->196925K(979456K), 0.0037902 secs] [Times: user=0.00 sys=0.00, real=0.00 secs] 
2025-08-31T23:24:53.450+0800: 1247.833: [GC (Allocation Failure) [PSYoungGen: 223104K->9152K(289280K)] 410941K->196989K(988672K), 0.0033022 secs] [Times: user=0.09 sys=0.00, real=0.00 secs] 
2025-08-31T23:24:55.126+0800: 1249.510: [GC (Allocation Failure) [PSYoungGen: 235456K->9120K(286208K)] 423293K->196957K(985600K), 0.0036525 secs] [Times: user=0.00 sys=0.00, real=0.00 secs] 
2025-08-31T23:24:56.942+0800: 1251.325: [GC (Allocation Failure) [PSYoungGen: 235424K->9152K(294912K)] 423261K->196989K(994304K), 0.0033827 secs] [Times: user=0.00 sys=0.00, real=0.00 secs] 
2025-08-31T23:24:58.730+0800: 1253.113: [GC (Allocation Failure) [PSYoungGen: 247232K->9216K(292352K)] 435069K->197053K(991744K), 0.0030781 secs] [Times: user=0.17 sys=0.00, real=0.00 secs] 
2025-08-31T23:25:00.883+0800: 1255.266: [GC (Allocation Failure) [PSYoungGen: 247296K->9184K(300544K)] 435133K->197029K(999936K), 0.0039332 secs] [Times: user=0.00 sys=0.00, real=0.00 secs] 
2025-08-31T23:25:02.854+0800: 1257.237: [GC (Allocation Failure) [PSYoungGen: 258528K->9120K(297984K)] 446373K->196965K(997376K), 0.0032724 secs] [Times: user=0.19 sys=0.02, real=0.00 secs] 
2025-08-31T23:25:04.635+0800: 1259.018: [GC (Allocation Failure) [PSYoungGen: 258464K->9120K(305664K)] 446309K->196965K(1005056K), 0.0035043 secs] [Times: user=0.19 sys=0.03, real=0.00 secs] 
2025-08-31T23:25:06.604+0800: 1260.987: [GC (Allocation Failure) [PSYoungGen: 268704K->9152K(303104K)] 456549K->196997K(1002496K), 0.0049656 secs] [Times: user=0.14 sys=0.00, real=0.00 secs] 
2025-08-31T23:25:08.619+0800: 1263.002: [GC (Allocation Failure) [PSYoungGen: 268736K->9152K(310272K)] 456581K->196997K(1009664K), 0.0037482 secs] [Times: user=0.00 sys=0.00, real=0.00 secs] 
2025-08-31T23:25:10.802+0800: 1265.185: [GC (Allocation Failure) [PSYoungGen: 278464K->9184K(308224K)] 466309K->197029K(1007616K), 0.0032992 secs] [Times: user=0.00 sys=0.00, real=0.00 secs] 
2025-08-31T23:25:12.743+0800: 1267.126: [GC (Allocation Failure) [PSYoungGen: 278496K->9120K(314368K)] 466341K->196973K(1013760K), 0.0030637 secs] [Times: user=0.00 sys=0.00, real=0.00 secs] 
2025-08-31T23:25:14.802+0800: 1269.185: [GC (Allocation Failure) [PSYoungGen: 286624K->9184K(312320K)] 474477K->197037K(1011712K), 0.0034474 secs] [Times: user=0.00 sys=0.00, real=0.00 secs] 
2025-08-31T23:25:16.845+0800: 1271.227: [GC (Allocation Failure) [PSYoungGen: 286688K->384K(316416K)] 474541K->197149K(1015808K), 0.0034961 secs] [Times: user=0.00 sys=0.00, real=0.00 secs] 
2025-08-31T23:25:19.236+0800: 1273.619: [GC (Allocation Failure) [PSYoungGen: 283520K->288K(315904K)] 480285K->197069K(1015296K), 0.0019662 secs] [Times: user=0.00 sys=0.00, real=0.00 secs] 
2025-08-31T23:25:21.412+0800: 1275.795: [GC (Allocation Failure) [PSYoungGen: 283424K->256K(317440K)] 480205K->197037K(1016832K), 0.0020852 secs] [Times: user=0.00 sys=0.00, real=0.00 secs] 
2025-08-31T23:25:23.485+0800: 1277.868: [GC (Allocation Failure) [PSYoungGen: 285440K->352K(316928K)] 482221K->197133K(1016320K), 0.0014180 secs] [Times: user=0.00 sys=0.00, real=0.00 secs] 
2025-08-31T23:25:25.752+0800: 1280.134: [GC (Allocation Failure) [PSYoungGen: 285536K->320K(319488K)] 482317K->197101K(1018880K), 0.0019769 secs] [Times: user=0.00 sys=0.00, real=0.00 secs] 
2025-08-31T23:25:28.001+0800: 1282.384: [GC (Allocation Failure) [PSYoungGen: 289088K->256K(318464K)] 485869K->197037K(1017856K), 0.0018848 secs] [Times: user=0.00 sys=0.00, real=0.00 secs] 
2025-08-31T23:25:31.275+0800: 1285.658: [GC (Allocation Failure) [PSYoungGen: 289024K->352K(321536K)] 485805K->197133K(1020928K), 0.0025737 secs] [Times: user=0.00 sys=0.00, real=0.00 secs] 
2025-08-31T23:25:34.175+0800: 1288.558: [GC (Allocation Failure) [PSYoungGen: 293216K->288K(320512K)] 489997K->197069K(1019904K), 0.0016065 secs] [Times: user=0.00 sys=0.00, real=0.00 secs] 
2025-08-31T23:25:37.510+0800: 1291.894: [GC (Allocation Failure) [PSYoungGen: 293152K->352K(324096K)] 489933K->197133K(1023488K), 0.0026854 secs] [Times: user=0.20 sys=0.00, real=0.00 secs] 
2025-08-31T23:25:40.375+0800: 1294.758: [GC (Allocation Failure) [PSYoungGen: 298336K->288K(323072K)] 495117K->197069K(1022464K), 0.0030777 secs] [Times: user=0.00 sys=0.00, real=0.00 secs] 
2025-08-31T23:25:43.396+0800: 1297.780: [GC (Allocation Failure) [PSYoungGen: 298272K->256K(326656K)] 495053K->197037K(1026048K), 0.0037330 secs] [Times: user=0.00 sys=0.00, real=0.01 secs] 
2025-08-31T23:25:46.763+0800: 1301.146: [GC (Allocation Failure) [PSYoungGen: 303360K->224K(325632K)] 500141K->197005K(1025024K), 0.0043684 secs] [Times: user=0.00 sys=0.00, real=0.00 secs] 
2025-08-31T23:25:49.283+0800: 1303.666: [GC (Allocation Failure) [PSYoungGen: 303328K->224K(329216K)] 500109K->197013K(1028608K), 0.0016614 secs] [Times: user=0.00 sys=0.00, real=0.00 secs] 
2025-08-31T23:25:52.580+0800: 1306.963: [GC (Allocation Failure) [PSYoungGen: 308448K->320K(328192K)] 505237K->197109K(1027584K), 0.0034043 secs] [Times: user=0.00 sys=0.00, real=0.00 secs] 
2025-08-31T23:25:56.051+0800: 1310.433: [GC (Allocation Failure) [PSYoungGen: 308544K->256K(331264K)] 505333K->197045K(1030656K), 0.0040679 secs] [Times: user=0.00 sys=0.00, real=0.00 secs] 
2025-08-31T23:25:59.974+0800: 1314.357: [GC (Allocation Failure) [PSYoungGen: 312576K->256K(330240K)] 509365K->197053K(1029632K), 0.0019815 secs] [Times: user=0.00 sys=0.00, real=0.00 secs] 
2025-08-31T23:26:03.881+0800: 1318.264: [GC (Allocation Failure) [PSYoungGen: 312576K->352K(333824K)] 509373K->197149K(1033216K), 0.0024301 secs] [Times: user=0.00 sys=0.00, real=0.00 secs] 
2025-08-31T23:26:07.704+0800: 1322.087: [GC (Allocation Failure) [PSYoungGen: 317792K->256K(332800K)] 514589K->197053K(1032192K), 0.0025750 secs] [Times: user=0.00 sys=0.00, real=0.00 secs] 
2025-08-31T23:26:11.367+0800: 1325.750: [GC (Allocation Failure) [PSYoungGen: 317696K->192K(335360K)] 514493K->196989K(1034752K), 0.0023107 secs] [Times: user=0.00 sys=0.00, real=0.00 secs] 
2025-08-31T23:26:14.916+0800: 1329.300: [GC (Allocation Failure) [PSYoungGen: 321216K->384K(334848K)] 518013K->197181K(1034240K), 0.0032754 secs] [Times: user=0.14 sys=0.09, real=0.00 secs] 
2025-08-31T23:26:18.545+0800: 1332.928: [GC (Allocation Failure) [PSYoungGen: 321408K->320K(337408K)] 518205K->197117K(1036800K), 0.0069292 secs] [Times: user=0.00 sys=0.00, real=0.01 secs] 
2025-08-31T23:26:21.238+0800: 1335.621: [GC (Allocation Failure) [PSYoungGen: 324928K->320K(336384K)] 521725K->197117K(1035776K), 0.0029434 secs] [Times: user=0.00 sys=0.00, real=0.00 secs] 
2025-08-31T23:26:23.431+0800: 1337.814: [GC (Allocation Failure) [PSYoungGen: 324928K->224K(338944K)] 521725K->197021K(1038336K), 0.0024735 secs] [Times: user=0.00 sys=0.00, real=0.00 secs] 
2025-08-31T23:26:26.375+0800: 1340.758: [GC (Allocation Failure) [PSYoungGen: 327904K->352K(337920K)] 524701K->197149K(1037312K), 0.0018579 secs] [Times: user=0.00 sys=0.00, real=0.00 secs] 
2025-08-31T23:26:29.838+0800: 1344.221: [GC (Allocation Failure) [PSYoungGen: 328032K->320K(340480K)] 524829K->197117K(1039872K), 0.0020910 secs] [Times: user=0.00 sys=0.00, real=0.00 secs] 
